Microchip MPLAB XC8 Compiler V2.32

Linker command line:

-W-3 --edf=/Applications/microchip/xc8/v2.32/pic/dat/en_msgs.txt -cn \
  -h+dist/default/production/Adc0Tst.X.production.sym \
  --cmf=dist/default/production/Adc0Tst.X.production.cmf -z -Q16F887 \
  -o/tmp/xcklooDL7 --defsym=__MPLAB_BUILD=1 \
  -Mdist/default/production/Adc0Tst.X.production.map -E1 -ver=XC8 Compiler \
  --acfsm=1493 -ASTACK=0110h-016Fh -pstack=STACK -ACODE=00h-07FFhx4 \
  -ASTRCODE=00h-01FFFh -ASTRING=00h-0FFhx32 -ACONST=00h-0FFhx32 \
  -AENTRY=00h-0FFhx32 -ACOMMON=070h-07Fh -ABANK0=020h-06Fh \
  -ABANK1=0A0h-0EFh -ABANK2=0110h-016Fh -ABANK3=0190h-01EFh \
  -ARAM=020h-06Fh,0A0h-0EFh,0110h-016Fh,0190h-01EFh \
  -AABS1=020h-07Fh,0A0h-0EFh,0110h-016Fh,0190h-01EFh -ASFR0=00h-01Fh \
  -ASFR1=080h-09Fh -ASFR2=0100h-010Fh -ASFR3=0180h-018Fh \
  -ACONFIG=02007h-02008h -DCONFIG=2 -AIDLOC=02000h-02003h -DIDLOC=2 \
  -AEEDATA=00h-0FFh/02100h -peeprom_data=EEDATA -DEEDATA=2 -DCODE=2 \
  -DSTRCODE=2 -DSTRING=2 -DCONST=2 -DENTRY=2 \
  -preset_vec=00h,intentry,init,end_init -ppowerup=CODE -pcinit=CODE \
  -pfunctab=ENTRY -k /tmp/xcDKBzrzd.o \
  dist/default/production/Adc0Tst.X.production.o 

Object code version is 3.11

Machine type is 16F887



                Name                               Link     Load   Length Selector   Space Scale
/tmp/xcDKBzrzd.o
                end_init                              0        0        3        0       0
dist/default/production/Adc0Tst.X.production.o
                cinit                               7F1      7F1        F      FE2       0
                text9                               69D      69D       67      D3A       0
                text8                               644      644       59      C88       0
                text7                               5EA      5EA        F      BD4       0
                text6                               5F9      5F9       19      BF2       0
                text5                               5D0      5D0        D      BA0       0
                text4                               704      704       ED      E08       0
                text3                               5DD      5DD        D      BBA       0
                text2                               5B8      5B8        C      B70       0
                text1                               5C4      5C4        C      B88       0
                maintext                            612      612       32      C24       0
                cstackCOMMON                         70       70        C       70       1
                clrtext                             5B0      5B0        8      B60       0
                bssBANK0                             20       20       14       20       1
                bssCOMMON                            7C       7C        2       70       1

TOTAL           Name                               Link     Load   Length     Space
        CLASS   STACK          

        CLASS   CODE           
                end_init                              0        0        3         0
                cinit                               7F1      7F1        F         0
                text9                               69D      69D       67         0
                text8                               644      644       59         0
                text7                               5EA      5EA        F         0
                text6                               5F9      5F9       19         0
                text5                               5D0      5D0        D         0
                text4                               704      704       ED         0
                text3                               5DD      5DD        D         0
                text2                               5B8      5B8        C         0
                text1                               5C4      5C4        C         0
                maintext                            612      612       32         0
                clrtext                             5B0      5B0        8         0

        CLASS   STRCODE        

        CLASS   STRING         

        CLASS   CONST          

        CLASS   ENTRY          

        CLASS   COMMON         
                cstackCOMMON                         70       70        C         1
                bssCOMMON                            7C       7C        2         1

        CLASS   BANK0          
                bssBANK0                             20       20       14         1

        CLASS   BANK1          

        CLASS   BANK2          

        CLASS   BANK3          

        CLASS   RAM            

        CLASS   ABS1           
                abs_s1                               7E       7E        2         1

        CLASS   SFR0           

        CLASS   SFR1           

        CLASS   SFR2           

        CLASS   SFR3           

        CLASS   CONFIG         

        CLASS   IDLOC          

        CLASS   EEDATA         



SEGMENTS        Name                           Load    Length   Top    Selector   Space  Class     Delta

                text6                          0005F9  000019  000612       BF2       0  CODE        2
                text5                          0005D0  00000D  0005DD       BA0       0  CODE        2
                text3                          0005DD  00000D  0005EA       BBA       0  CODE        2
                text7                          0005EA  00000F  0005F9       BD4       0  CODE        2
                maintext                       000612  000032  000644       C24       0  CODE        2
                reset_vec                      000000  000003  000003         0       0  CODE        2
                text8                          000644  000059  00069D       C88       0  CODE        2
                text2                          0005B8  00000C  0005C4       B70       0  CODE        2
                clrtext                        0005B0  000008  0005B8       B60       0  CODE        2
                text1                          0005C4  00000C  0005D0       B88       0  CODE        2
                text9                          00069D  000067  000704       D3A       0  CODE        2
                bssBANK0                       000020  000014  000034        20       1  BANK0       1
                cinit                          0007F1  00000F  000800       FE2       0  CODE        2
                cstackCOMMON                   000070  00000E  00007E        70       1  COMMON      1
                text4                          000704  0000ED  0007F1       E08       0  CODE        2


UNUSED ADDRESS RANGES

        Name                Unused          Largest block    Delta
        BANK0            0034-006F             3C           1
        BANK1            00A0-00EF             50           1
        BANK2            0110-016F             60           1
        BANK3            0190-01EF             60           1
        CODE             0003-05AF            5AD           2
                         0800-1FFF            800
        CONFIG           2007-2008              2           2
        CONST            0003-05AF            100           2
                         0800-1FFF            100
        EEDATA           2100-21FF            100           2
        ENTRY            0003-05AF            100           2
                         0800-1FFF            100
        IDLOC            2000-2003              4           2
        RAM              0034-006F             3C           1
                         00A0-00EF             50
                         0110-016F             60
                         0190-01EF             60
        SFR0             0000-001F             20           1
        SFR1             0080-009F             20           1
        SFR2             0100-010F             10           1
        SFR3             0180-018F             10           1
        STACK            0110-016F             60           1
        STRCODE          0003-05AF            5AD           2
                         0800-1FFF           1800
        STRING           0003-05AF            100           2
                         0800-1FFF            100

                                  Symbol Table

?___awdiv                cstackCOMMON 0070
?___awmod                cstackCOMMON 0070
_ADCON0                  (abs)        001F
_ADCON1                  (abs)        009F
_ADRESH                  (abs)        001E
_ADRESL                  (abs)        009E
_ANSEL                   (abs)        0188
_ANSELH                  (abs)        0189
_GO                      (abs)        00F9
_PORTA                   (abs)        0005
_PORTD                   (abs)        0008
_PORTE                   (abs)        0009
_RE0                     (abs)        0048
_RE1                     (abs)        0049
_RE2                     (abs)        004A
_TRISA                   (abs)        0085
_TRISD                   (abs)        0088
_TRISE                   (abs)        0089
__Habs1                  abs1         0000
__Hbank0                 bank0        0000
__Hbank1                 bank1        0000
__Hbank2                 bank2        0000
__Hbank3                 bank3        0000
__HbssBANK0              bssBANK0     0000
__HbssCOMMON             bssCOMMON    0000
__Hcinit                 cinit        0800
__Hclrtext               clrtext      0000
__Hcode                  code         0000
__Hcommon                common       0000
__HcstackCOMMON          cstackCOMMON 0000
__Heeprom_data           eeprom_data  0000
__Hend_init              end_init     0003
__Hfunctab               functab      0000
__Hinit                  init         0000
__Hintentry              intentry     0000
__Hmaintext              maintext     0000
__Hpowerup               powerup      0000
__Hram                   ram          0000
__Hreset_vec             reset_vec    0000
__Hsfr0                  sfr0         0000
__Hsfr1                  sfr1         0000
__Hsfr2                  sfr2         0000
__Hsfr3                  sfr3         0000
__Hspace_0               (abs)        0800
__Hspace_1               (abs)        007E
__Hspace_2               (abs)        0000
__Hspace_3               (abs)        0000
__Hstack                 stack        0000
__Hstrings               strings      0000
__Htext                  text         0000
__Labs1                  abs1         0000
__Lbank0                 bank0        0000
__Lbank1                 bank1        0000
__Lbank2                 bank2        0000
__Lbank3                 bank3        0000
__LbssBANK0              bssBANK0     0000
__LbssCOMMON             bssCOMMON    0000
__Lcinit                 cinit        07F1
__Lclrtext               clrtext      0000
__Lcode                  code         0000
__Lcommon                common       0000
__LcstackCOMMON          cstackCOMMON 0000
__Leeprom_data           eeprom_data  0000
__Lend_init              end_init     0000
__Lfunctab               functab      0000
__Linit                  init         0000
__Lintentry              intentry     0000
__Lmaintext              maintext     0000
__Lpowerup               powerup      0000
__Lram                   ram          0000
__Lreset_vec             reset_vec    0000
__Lsfr0                  sfr0         0000
__Lsfr1                  sfr1         0000
__Lsfr2                  sfr2         0000
__Lsfr3                  sfr3         0000
__Lspace_0               (abs)        0000
__Lspace_1               (abs)        0000
__Lspace_2               (abs)        0000
__Lspace_3               (abs)        0000
__Lstack                 stack        0000
__Lstrings               strings      0000
__Ltext                  text         0000
__S0                     (abs)        0800
__S1                     (abs)        007E
__S2                     (abs)        0000
__S3                     (abs)        0000
___awdiv                 text9        069D
___awdiv@counter         cstackCOMMON 0075
___awdiv@dividend        cstackCOMMON 0072
___awdiv@divisor         cstackCOMMON 0070
___awdiv@quotient        cstackCOMMON 0077
___awdiv@sign            cstackCOMMON 0076
___awmod                 text8        0644
___awmod@counter         cstackCOMMON 0075
___awmod@dividend        cstackCOMMON 0072
___awmod@divisor         cstackCOMMON 0070
___awmod@sign            cstackCOMMON 0076
___int_sp                stack        0000
___latbits               (abs)        0002
___sp                    stack        0000
___stackhi               (abs)        0000
___stacklo               (abs)        0000
__end_of___awdiv         text9        0704
__end_of___awmod         text8        069D
__end_of__initialization cinit        07FC
__end_of_adc             text4        07F1
__end_of_address         text3        05EA
__end_of_delay           text7        05F9
__end_of_display         text5        05DD
__end_of_main            maintext     0644
__end_of_on              text2        05C4
__end_of_pulse           text6        0612
__end_of_type            text1        05D0
__initialization         cinit        07F1
__pbssBANK0              bssBANK0     0020
__pbssCOMMON             bssCOMMON    007C
__pcstackCOMMON          cstackCOMMON 0070
__pmaintext              maintext     0612
__ptext1                 text1        05C4
__ptext2                 text2        05B8
__ptext3                 text3        05DD
__ptext4                 text4        0704
__ptext5                 text5        05D0
__ptext6                 text6        05F9
__ptext7                 text7        05EA
__ptext8                 text8        0644
__ptext9                 text9        069D
__size_of___awdiv        (abs)        0000
__size_of___awmod        (abs)        0000
__size_of_adc            (abs)        0000
__size_of_address        (abs)        0000
__size_of_delay          (abs)        0000
__size_of_display        (abs)        0000
__size_of_main           (abs)        0000
__size_of_on             (abs)        0000
__size_of_pulse          (abs)        0000
__size_of_type           (abs)        0000
_a                       bssCOMMON    007C
_adc                     text4        0704
_address                 text3        05DD
_b                       bssBANK0     0032
_delay                   text7        05EA
_display                 text5        05D0
_j                       bssBANK0     002E
_k                       bssBANK0     002C
_l                       bssBANK0     002A
_m                       bssBANK0     0028
_main                    maintext     0612
_n                       bssBANK0     0026
_o                       bssBANK0     0024
_on                      text2        05B8
_pulse                   text6        05F9
_sum                     bssBANK0     0030
_type                    text1        05C4
adc@s                    cstackCOMMON 007B
address@x                cstackCOMMON 0072
btemp                    (abs)        007E
clear_ram0               clrtext      05B0
delay@t                  cstackCOMMON 0070
display@z                cstackCOMMON 0072
end_of_initialization    cinit        07FC
intlevel0                functab      0000
intlevel1                functab      0000
intlevel2                functab      0000
intlevel3                functab      0000
intlevel4                functab      0000
intlevel5                functab      0000
nosup@@$_$_CONFIG        (abs)        0000
reset_vec                reset_vec    0000
start                    init         0000
start_initialization     cinit        07F1
wtemp0                   (abs)        007E


MODULE INFORMATION

Module		Function		Class		Link	Load	Size
/Applications/microchip/xc8/v2.32/pic/sources/c90/common/awmod.c
		___awmod       		CODE           	0644	0000	89

/Applications/microchip/xc8/v2.32/pic/sources/c90/common/awmod.c estimated size: 89

/Applications/microchip/xc8/v2.32/pic/sources/c90/common/awdiv.c
		___awdiv       		CODE           	069D	0000	103

/Applications/microchip/xc8/v2.32/pic/sources/c90/common/awdiv.c estimated size: 103

shared
		__initialization		CODE           	07F1	0000	11

shared estimated size: 11

main.c
		_delay         		CODE           	05EA	0000	15
		_display       		CODE           	05D0	0000	13
		_main          		CODE           	0612	0000	50
		_address       		CODE           	05DD	0000	13
		_type          		CODE           	05C4	0000	12
		_adc           		CODE           	0704	0000	237
		_on            		CODE           	05B8	0000	12
		_pulse         		CODE           	05F9	0000	25

main.c estimated size: 377

